[#0001 +0000ms][Server] started: mode=nosync workers=3 delay=50-500 ms queue=/cinema_request
[#0002 +0054ms][Worker-1] received RESERVE 10 from Client-1
[#0003 +0055ms][Worker-1] entering critical section (Resource 10) (NO LOCK)
[#0004 +0055ms][Worker-1] check Resource 10: AVAILABLE
[#0005 +0056ms][Worker-1] random delay 467 ms
[#0006 +0056ms][Worker-3] received RESERVE 10 from Client-2
[#0007 +0057ms][Worker-3] entering critical section (Resource 10) (NO LOCK)
[#0008 +0057ms][Worker-3] check Resource 10: AVAILABLE
[#0009 +0058ms][Worker-3] random delay 310 ms
[#0010 +0059ms][Worker-2] received RESERVE 10 from Client-3
[#0011 +0059ms][Worker-2] entering critical section (Resource 10) (NO LOCK)
[#0012 +0060ms][Worker-2] check Resource 10: AVAILABLE
[#0013 +0060ms][Worker-2] random delay 223 ms
[#0014 +0284ms][Worker-2] Resource 10 reserved by Client-3
[#0015 +0284ms][Worker-2] leaving critical section (Resource 10) (NO LOCK)
[#0016 +0285ms][Worker-2] replied SUCCESS to Client-3
[#0017 +0285ms][Worker-2] received RESERVE 10 from Client-4
[#0018 +0285ms][Worker-2] entering critical section (Resource 10) (NO LOCK)
[#0019 +0285ms][Worker-2] check Resource 10: RESERVED by Client-3
[#0020 +0286ms][Worker-2] Resource 10 already reserved
[#0021 +0286ms][Worker-2] leaving critical section (Resource 10) (NO LOCK)
[#0022 +0286ms][Worker-2] replied FAILED to Client-4
[#0023 +0286ms][Worker-2] received RESERVE 10 from Client-5
[#0024 +0286ms][Worker-2] entering critical section (Resource 10) (NO LOCK)
[#0025 +0287ms][Worker-2] check Resource 10: RESERVED by Client-3
[#0026 +0287ms][Worker-2] Resource 10 already reserved
[#0027 +0287ms][Worker-2] leaving critical section (Resource 10) (NO LOCK)
[#0028 +0287ms][Worker-2] replied FAILED to Client-5
[#0029 +0288ms][Worker-2] received QUIT from Client-3
[#0030 +0288ms][Worker-2] replied SUCCESS to Client-3
[#0031 +0288ms][Worker-2] received QUIT from Client-4
[#0032 +0288ms][Worker-2] replied SUCCESS to Client-4
[#0033 +0289ms][Worker-2] received QUIT from Client-5
[#0034 +0290ms][Worker-2] replied SUCCESS to Client-5
[#0035 +0370ms][Worker-3] RACE DETECTED: Resource 10 is now owned by Client-3, overwriting
[#0036 +0370ms][Worker-3] Resource 10 reserved by Client-2
[#0037 +0371ms][Worker-3] leaving critical section (Resource 10) (NO LOCK)
[#0038 +0371ms][Worker-3] replied SUCCESS to Client-2
[#0039 +0371ms][Worker-2] received QUIT from Client-2
[#0040 +0372ms][Worker-2] replied SUCCESS to Client-2
[#0041 +0524ms][Worker-1] RACE DETECTED: Resource 10 is now owned by Client-2, overwriting
[#0042 +0525ms][Worker-1] Resource 10 reserved by Client-1
[#0043 +0526ms][Worker-1] leaving critical section (Resource 10) (NO LOCK)
[#0044 +0526ms][Worker-1] replied SUCCESS to Client-1
[#0045 +0527ms][Worker-3] received QUIT from Client-1
[#0046 +0527ms][Worker-3] replied SUCCESS to Client-1
[#0047 +0528ms][Worker-2] received STATUS 10 from Client-99
[#0048 +0529ms][Worker-2] entering critical section (Resource 10) (NO LOCK)
[#0049 +0529ms][Worker-2] check Resource 10: RESERVED by Client-1
[#0050 +0530ms][Worker-2] leaving critical section (Resource 10) (NO LOCK)
[#0051 +0530ms][Worker-2] replied SUCCESS to Client-99
[#0052 +0530ms][Worker-1] received QUIT from Client-99
[#0053 +0531ms][Worker-1] replied SUCCESS to Client-99
[#0054 +0531ms][Server] shutting down
[#0055 +0531ms][Server] Worker-1 processed 2 requests
[#0056 +0532ms][Server] Worker-2 processed 8 requests
[#0057 +0532ms][Server] Worker-3 processed 2 requests
Resource  Status     Owner
--------------------------------
1         AVAILABLE  -
2         AVAILABLE  -
3         AVAILABLE  -
4         AVAILABLE  -
5         AVAILABLE  -
6         AVAILABLE  -
7         AVAILABLE  -
8         AVAILABLE  -
9         AVAILABLE  -
10        RESERVED   Client-1
11        AVAILABLE  -
12        AVAILABLE  -
13        AVAILABLE  -
14        AVAILABLE  -
15        AVAILABLE  -
16        AVAILABLE  -
17        AVAILABLE  -
18        AVAILABLE  -
19        AVAILABLE  -
20        AVAILABLE  -
[#0058 +0533ms][Server] stopped
