[#0001 +0000ms][Server] started: mode=nosync workers=3 delay=50-500 ms queue=/cinema_request
[#0002 +0061ms][Worker-1] received RESERVE 10 from Client-1
[#0003 +0062ms][Worker-1] entering critical section (Resource 10) (NO LOCK)
[#0004 +0063ms][Worker-1] check Resource 10: AVAILABLE
[#0005 +0064ms][Worker-1] random delay 261 ms
[#0006 +0065ms][Worker-3] received RESERVE 10 from Client-3
[#0007 +0066ms][Worker-3] entering critical section (Resource 10) (NO LOCK)
[#0008 +0067ms][Worker-3] check Resource 10: AVAILABLE
[#0009 +0068ms][Worker-3] random delay 87 ms
[#0010 +0069ms][Worker-2] received RESERVE 10 from Client-2
[#0011 +0070ms][Worker-2] entering critical section (Resource 10) (NO LOCK)
[#0012 +0071ms][Worker-2] check Resource 10: AVAILABLE
[#0013 +0071ms][Worker-2] random delay 156 ms
[#0014 +0157ms][Worker-3] Resource 10 reserved by Client-3
[#0015 +0158ms][Worker-3] leaving critical section (Resource 10) (NO LOCK)
[#0016 +0160ms][Worker-3] replied SUCCESS to Client-3
[#0017 +0162ms][Worker-3] received RESERVE 10 from Client-4
[#0018 +0164ms][Worker-3] entering critical section (Resource 10) (NO LOCK)
[#0019 +0165ms][Worker-3] check Resource 10: RESERVED by Client-3
[#0020 +0166ms][Worker-3] Resource 10 already reserved
[#0021 +0169ms][Worker-3] leaving critical section (Resource 10) (NO LOCK)
[#0022 +0171ms][Worker-3] replied FAILED to Client-4
[#0023 +0173ms][Worker-3] received RESERVE 10 from Client-5
[#0024 +0174ms][Worker-3] entering critical section (Resource 10) (NO LOCK)
[#0025 +0176ms][Worker-3] check Resource 10: RESERVED by Client-3
[#0026 +0180ms][Worker-3] Resource 10 already reserved
[#0027 +0183ms][Worker-3] leaving critical section (Resource 10) (NO LOCK)
[#0028 +0184ms][Worker-3] replied FAILED to Client-5
[#0029 +0185ms][Worker-3] received QUIT from Client-3
[#0030 +0187ms][Worker-3] replied SUCCESS to Client-3
[#0031 +0189ms][Worker-3] received QUIT from Client-4
[#0032 +0190ms][Worker-3] replied SUCCESS to Client-4
[#0033 +0192ms][Worker-3] received QUIT from Client-5
[#0034 +0194ms][Worker-3] replied SUCCESS to Client-5
[#0035 +0228ms][Worker-2] RACE DETECTED: Resource 10 is now owned by Client-3, overwriting
[#0036 +0230ms][Worker-2] Resource 10 reserved by Client-2
[#0037 +0232ms][Worker-2] leaving critical section (Resource 10) (NO LOCK)
[#0038 +0234ms][Worker-2] replied SUCCESS to Client-2
[#0039 +0235ms][Worker-3] received QUIT from Client-2
[#0040 +0237ms][Worker-3] replied SUCCESS to Client-2
[#0041 +0327ms][Worker-1] RACE DETECTED: Resource 10 is now owned by Client-2, overwriting
[#0042 +0328ms][Worker-1] Resource 10 reserved by Client-1
[#0043 +0329ms][Worker-1] leaving critical section (Resource 10) (NO LOCK)
[#0044 +0330ms][Worker-1] replied SUCCESS to Client-1
[#0045 +0331ms][Worker-2] received QUIT from Client-1
[#0046 +0332ms][Worker-2] replied SUCCESS to Client-1
[#0047 +0334ms][Worker-3] received STATUS 10 from Client-99
[#0048 +0335ms][Worker-3] entering critical section (Resource 10) (NO LOCK)
[#0049 +0338ms][Worker-3] check Resource 10: RESERVED by Client-1
[#0050 +0338ms][Worker-3] leaving critical section (Resource 10) (NO LOCK)
[#0051 +0339ms][Worker-3] replied SUCCESS to Client-99
[#0052 +0341ms][Worker-1] received QUIT from Client-99
[#0053 +0341ms][Worker-1] replied SUCCESS to Client-99
[#0054 +0342ms][Server] shutting down
[#0055 +0343ms][Server] Worker-1 processed 2 requests
[#0056 +0344ms][Server] Worker-2 processed 2 requests
[#0057 +0345ms][Server] Worker-3 processed 8 requests
Resource  Status     Owner
--------------------------------
1         AVAILABLE  -
2         AVAILABLE  -
3         AVAILABLE  -
4         AVAILABLE  -
5         AVAILABLE  -
6         AVAILABLE  -
7         AVAILABLE  -
8         AVAILABLE  -
9         AVAILABLE  -
10        RESERVED   Client-1
11        AVAILABLE  -
12        AVAILABLE  -
13        AVAILABLE  -
14        AVAILABLE  -
15        AVAILABLE  -
16        AVAILABLE  -
17        AVAILABLE  -
18        AVAILABLE  -
19        AVAILABLE  -
20        AVAILABLE  -
[#0058 +0348ms][Server] stopped
