[#0001 +0000ms][Server] started: mode=nosync workers=3 delay=50-500 ms queue=/cinema_request
[#0002 +0062ms][Worker-1] received RESERVE 10 from Client-1
[#0003 +0064ms][Worker-1] entering critical section (Resource 10) (NO LOCK)
[#0004 +0066ms][Worker-1] check Resource 10: AVAILABLE
[#0005 +0066ms][Worker-1] random delay 246 ms
[#0006 +0067ms][Worker-2] received RESERVE 10 from Client-2
[#0007 +0068ms][Worker-2] entering critical section (Resource 10) (NO LOCK)
[#0008 +0069ms][Worker-2] check Resource 10: AVAILABLE
[#0009 +0070ms][Worker-2] random delay 444 ms
[#0010 +0071ms][Worker-3] received RESERVE 10 from Client-3
[#0011 +0072ms][Worker-3] entering critical section (Resource 10) (NO LOCK)
[#0012 +0073ms][Worker-3] check Resource 10: AVAILABLE
[#0013 +0074ms][Worker-3] random delay 427 ms
[#0014 +0314ms][Worker-1] Resource 10 reserved by Client-1
[#0015 +0315ms][Worker-1] leaving critical section (Resource 10) (NO LOCK)
[#0016 +0316ms][Worker-1] replied SUCCESS to Client-1
[#0017 +0317ms][Worker-1] received RESERVE 10 from Client-4
[#0018 +0318ms][Worker-1] entering critical section (Resource 10) (NO LOCK)
[#0019 +0319ms][Worker-1] check Resource 10: RESERVED by Client-1
[#0020 +0319ms][Worker-1] Resource 10 already reserved
[#0021 +0320ms][Worker-1] leaving critical section (Resource 10) (NO LOCK)
[#0022 +0320ms][Worker-1] replied FAILED to Client-4
[#0023 +0321ms][Worker-1] received RESERVE 10 from Client-5
[#0024 +0322ms][Worker-1] entering critical section (Resource 10) (NO LOCK)
[#0025 +0322ms][Worker-1] check Resource 10: RESERVED by Client-1
[#0026 +0323ms][Worker-1] Resource 10 already reserved
[#0027 +0324ms][Worker-1] leaving critical section (Resource 10) (NO LOCK)
[#0028 +0324ms][Worker-1] replied FAILED to Client-5
[#0029 +0325ms][Worker-1] received QUIT from Client-1
[#0030 +0325ms][Worker-1] replied SUCCESS to Client-1
[#0031 +0326ms][Worker-1] received QUIT from Client-4
[#0032 +0326ms][Worker-1] replied SUCCESS to Client-4
[#0033 +0327ms][Worker-1] received QUIT from Client-5
[#0034 +0328ms][Worker-1] replied SUCCESS to Client-5
[#0035 +0503ms][Worker-3] RACE DETECTED: Resource 10 is now owned by Client-1, overwriting
[#0036 +0504ms][Worker-3] Resource 10 reserved by Client-3
[#0037 +0504ms][Worker-3] leaving critical section (Resource 10) (NO LOCK)
[#0038 +0505ms][Worker-3] replied SUCCESS to Client-3
[#0039 +0506ms][Worker-1] received QUIT from Client-3
[#0040 +0507ms][Worker-1] replied SUCCESS to Client-3
[#0041 +0516ms][Worker-2] RACE DETECTED: Resource 10 is now owned by Client-3, overwriting
[#0042 +0517ms][Worker-2] Resource 10 reserved by Client-2
[#0043 +0518ms][Worker-2] leaving critical section (Resource 10) (NO LOCK)
[#0044 +0519ms][Worker-2] replied SUCCESS to Client-2
[#0045 +0521ms][Worker-3] received QUIT from Client-2
[#0046 +0522ms][Worker-3] replied SUCCESS to Client-2
[#0047 +0525ms][Worker-1] received STATUS 10 from Client-99
[#0048 +0526ms][Worker-1] entering critical section (Resource 10) (NO LOCK)
[#0049 +0527ms][Worker-1] check Resource 10: RESERVED by Client-2
[#0050 +0528ms][Worker-1] leaving critical section (Resource 10) (NO LOCK)
[#0051 +0529ms][Worker-1] replied SUCCESS to Client-99
[#0052 +0531ms][Worker-2] received QUIT from Client-99
[#0053 +0531ms][Worker-2] replied SUCCESS to Client-99
[#0054 +0532ms][Server] shutting down
[#0055 +0533ms][Server] Worker-1 processed 8 requests
[#0056 +0534ms][Server] Worker-2 processed 2 requests
[#0057 +0535ms][Server] Worker-3 processed 2 requests
Resource  Status     Owner
--------------------------------
1         AVAILABLE  -
2         AVAILABLE  -
3         AVAILABLE  -
4         AVAILABLE  -
5         AVAILABLE  -
6         AVAILABLE  -
7         AVAILABLE  -
8         AVAILABLE  -
9         AVAILABLE  -
10        RESERVED   Client-2
11        AVAILABLE  -
12        AVAILABLE  -
13        AVAILABLE  -
14        AVAILABLE  -
15        AVAILABLE  -
16        AVAILABLE  -
17        AVAILABLE  -
18        AVAILABLE  -
19        AVAILABLE  -
20        AVAILABLE  -
[#0058 +0537ms][Server] stopped
