[#0001 +0000ms][Server] started: mode=nosync workers=3 delay=50-500 ms queue=/cinema_request
[#0002 +0059ms][Worker-1] received RESERVE 10 from Client-2
[#0003 +0061ms][Worker-1] entering critical section (Resource 10) (NO LOCK)
[#0004 +0062ms][Worker-1] check Resource 10: AVAILABLE
[#0005 +0063ms][Worker-1] random delay 172 ms
[#0006 +0064ms][Worker-2] received RESERVE 10 from Client-1
[#0007 +0065ms][Worker-2] entering critical section (Resource 10) (NO LOCK)
[#0008 +0065ms][Worker-2] check Resource 10: AVAILABLE
[#0009 +0066ms][Worker-2] random delay 432 ms
[#0010 +0067ms][Worker-3] received RESERVE 10 from Client-3
[#0011 +0068ms][Worker-3] entering critical section (Resource 10) (NO LOCK)
[#0012 +0069ms][Worker-3] check Resource 10: AVAILABLE
[#0013 +0070ms][Worker-3] random delay 488 ms
[#0014 +0236ms][Worker-1] Resource 10 reserved by Client-2
[#0015 +0237ms][Worker-1] leaving critical section (Resource 10) (NO LOCK)
[#0016 +0238ms][Worker-1] replied SUCCESS to Client-2
[#0017 +0238ms][Worker-1] received RESERVE 10 from Client-4
[#0018 +0239ms][Worker-1] entering critical section (Resource 10) (NO LOCK)
[#0019 +0239ms][Worker-1] check Resource 10: RESERVED by Client-2
[#0020 +0240ms][Worker-1] Resource 10 already reserved
[#0021 +0241ms][Worker-1] leaving critical section (Resource 10) (NO LOCK)
[#0022 +0242ms][Worker-1] replied FAILED to Client-4
[#0023 +0243ms][Worker-1] received RESERVE 10 from Client-5
[#0024 +0244ms][Worker-1] entering critical section (Resource 10) (NO LOCK)
[#0025 +0245ms][Worker-1] check Resource 10: RESERVED by Client-2
[#0026 +0246ms][Worker-1] Resource 10 already reserved
[#0027 +0246ms][Worker-1] leaving critical section (Resource 10) (NO LOCK)
[#0028 +0247ms][Worker-1] replied FAILED to Client-5
[#0029 +0248ms][Worker-1] received QUIT from Client-2
[#0030 +0249ms][Worker-1] replied SUCCESS to Client-2
[#0031 +0250ms][Worker-1] received QUIT from Client-4
[#0032 +0251ms][Worker-1] replied SUCCESS to Client-4
[#0033 +0252ms][Worker-1] received QUIT from Client-5
[#0034 +0252ms][Worker-1] replied SUCCESS to Client-5
[#0035 +0499ms][Worker-2] RACE DETECTED: Resource 10 is now owned by Client-2, overwriting
[#0036 +0500ms][Worker-2] Resource 10 reserved by Client-1
[#0037 +0501ms][Worker-2] leaving critical section (Resource 10) (NO LOCK)
[#0038 +0501ms][Worker-2] replied SUCCESS to Client-1
[#0039 +0502ms][Worker-1] received QUIT from Client-1
[#0040 +0502ms][Worker-1] replied SUCCESS to Client-1
[#0041 +0559ms][Worker-3] RACE DETECTED: Resource 10 is now owned by Client-1, overwriting
[#0042 +0560ms][Worker-3] Resource 10 reserved by Client-3
[#0043 +0561ms][Worker-3] leaving critical section (Resource 10) (NO LOCK)
[#0044 +0562ms][Worker-3] replied SUCCESS to Client-3
[#0045 +0562ms][Worker-2] received QUIT from Client-3
[#0046 +0563ms][Worker-2] replied SUCCESS to Client-3
[#0047 +0565ms][Worker-1] received STATUS 10 from Client-99
[#0048 +0566ms][Worker-1] entering critical section (Resource 10) (NO LOCK)
[#0049 +0567ms][Worker-1] check Resource 10: RESERVED by Client-3
[#0050 +0568ms][Worker-1] leaving critical section (Resource 10) (NO LOCK)
[#0051 +0568ms][Worker-1] replied SUCCESS to Client-99
[#0052 +0569ms][Worker-3] received QUIT from Client-99
[#0053 +0570ms][Worker-3] replied SUCCESS to Client-99
[#0054 +0571ms][Server] shutting down
[#0055 +0573ms][Server] Worker-1 processed 8 requests
[#0056 +0576ms][Server] Worker-2 processed 2 requests
[#0057 +0577ms][Server] Worker-3 processed 2 requests
Resource  Status     Owner
--------------------------------
1         AVAILABLE  -
2         AVAILABLE  -
3         AVAILABLE  -
4         AVAILABLE  -
5         AVAILABLE  -
6         AVAILABLE  -
7         AVAILABLE  -
8         AVAILABLE  -
9         AVAILABLE  -
10        RESERVED   Client-3
11        AVAILABLE  -
12        AVAILABLE  -
13        AVAILABLE  -
14        AVAILABLE  -
15        AVAILABLE  -
16        AVAILABLE  -
17        AVAILABLE  -
18        AVAILABLE  -
19        AVAILABLE  -
20        AVAILABLE  -
[#0058 +0580ms][Server] stopped
