[#0001 +0000ms][Server] started: mode=nosync workers=3 delay=50-500 ms queue=/cinema_request
[#0002 +0058ms][Worker-1] received RESERVE 10 from Client-1
[#0003 +0061ms][Worker-1] entering critical section (Resource 10) (NO LOCK)
[#0004 +0063ms][Worker-1] check Resource 10: AVAILABLE
[#0005 +0064ms][Worker-1] random delay 386 ms
[#0006 +0065ms][Worker-3] received RESERVE 10 from Client-2
[#0007 +0066ms][Worker-3] entering critical section (Resource 10) (NO LOCK)
[#0008 +0067ms][Worker-3] check Resource 10: AVAILABLE
[#0009 +0068ms][Worker-3] random delay 316 ms
[#0010 +0069ms][Worker-2] received RESERVE 10 from Client-3
[#0011 +0069ms][Worker-2] entering critical section (Resource 10) (NO LOCK)
[#0012 +0070ms][Worker-2] check Resource 10: AVAILABLE
[#0013 +0070ms][Worker-2] random delay 53 ms
[#0014 +0124ms][Worker-2] Resource 10 reserved by Client-3
[#0015 +0125ms][Worker-2] leaving critical section (Resource 10) (NO LOCK)
[#0016 +0125ms][Worker-2] replied SUCCESS to Client-3
[#0017 +0126ms][Worker-2] received RESERVE 10 from Client-5
[#0018 +0127ms][Worker-2] entering critical section (Resource 10) (NO LOCK)
[#0019 +0127ms][Worker-2] check Resource 10: RESERVED by Client-3
[#0020 +0128ms][Worker-2] Resource 10 already reserved
[#0021 +0129ms][Worker-2] leaving critical section (Resource 10) (NO LOCK)
[#0022 +0129ms][Worker-2] replied FAILED to Client-5
[#0023 +0130ms][Worker-2] received RESERVE 10 from Client-4
[#0024 +0130ms][Worker-2] entering critical section (Resource 10) (NO LOCK)
[#0025 +0130ms][Worker-2] check Resource 10: RESERVED by Client-3
[#0026 +0131ms][Worker-2] Resource 10 already reserved
[#0027 +0131ms][Worker-2] leaving critical section (Resource 10) (NO LOCK)
[#0028 +0132ms][Worker-2] replied FAILED to Client-4
[#0029 +0132ms][Worker-2] received QUIT from Client-3
[#0030 +0133ms][Worker-2] replied SUCCESS to Client-3
[#0031 +0133ms][Worker-2] received QUIT from Client-5
[#0032 +0134ms][Worker-2] replied SUCCESS to Client-5
[#0033 +0135ms][Worker-2] received QUIT from Client-4
[#0034 +0135ms][Worker-2] replied SUCCESS to Client-4
[#0035 +0385ms][Worker-3] RACE DETECTED: Resource 10 is now owned by Client-3, overwriting
[#0036 +0386ms][Worker-3] Resource 10 reserved by Client-2
[#0037 +0387ms][Worker-3] leaving critical section (Resource 10) (NO LOCK)
[#0038 +0388ms][Worker-3] replied SUCCESS to Client-2
[#0039 +0389ms][Worker-2] received QUIT from Client-2
[#0040 +0390ms][Worker-2] replied SUCCESS to Client-2
[#0041 +0451ms][Worker-1] RACE DETECTED: Resource 10 is now owned by Client-2, overwriting
[#0042 +0452ms][Worker-1] Resource 10 reserved by Client-1
[#0043 +0453ms][Worker-1] leaving critical section (Resource 10) (NO LOCK)
[#0044 +0453ms][Worker-1] replied SUCCESS to Client-1
[#0045 +0454ms][Worker-3] received QUIT from Client-1
[#0046 +0455ms][Worker-3] replied SUCCESS to Client-1
[#0047 +0457ms][Worker-2] received STATUS 10 from Client-99
[#0048 +0458ms][Worker-2] entering critical section (Resource 10) (NO LOCK)
[#0049 +0459ms][Worker-2] check Resource 10: RESERVED by Client-1
[#0050 +0460ms][Worker-2] leaving critical section (Resource 10) (NO LOCK)
[#0051 +0460ms][Worker-2] replied SUCCESS to Client-99
[#0052 +0461ms][Worker-1] received QUIT from Client-99
[#0053 +0462ms][Worker-1] replied SUCCESS to Client-99
[#0054 +0462ms][Server] shutting down
[#0055 +0464ms][Server] Worker-1 processed 2 requests
[#0056 +0465ms][Server] Worker-2 processed 8 requests
[#0057 +0465ms][Server] Worker-3 processed 2 requests
Resource  Status     Owner
--------------------------------
1         AVAILABLE  -
2         AVAILABLE  -
3         AVAILABLE  -
4         AVAILABLE  -
5         AVAILABLE  -
6         AVAILABLE  -
7         AVAILABLE  -
8         AVAILABLE  -
9         AVAILABLE  -
10        RESERVED   Client-1
11        AVAILABLE  -
12        AVAILABLE  -
13        AVAILABLE  -
14        AVAILABLE  -
15        AVAILABLE  -
16        AVAILABLE  -
17        AVAILABLE  -
18        AVAILABLE  -
19        AVAILABLE  -
20        AVAILABLE  -
[#0058 +0467ms][Server] stopped
