[#0001 +0000ms][Server] started: mode=nosync workers=3 delay=50-500 ms queue=/cinema_request
[#0002 +0076ms][Worker-1] received RESERVE 10 from Client-1
[#0003 +0078ms][Worker-1] entering critical section (Resource 10) (NO LOCK)
[#0004 +0085ms][Worker-1] check Resource 10: AVAILABLE
[#0005 +0089ms][Worker-1] random delay 375 ms
[#0006 +0090ms][Worker-2] received RESERVE 10 from Client-3
[#0007 +0094ms][Worker-2] entering critical section (Resource 10) (NO LOCK)
[#0008 +0096ms][Worker-2] check Resource 10: AVAILABLE
[#0009 +0099ms][Worker-2] random delay 95 ms
[#0010 +0100ms][Worker-3] received RESERVE 10 from Client-5
[#0011 +0101ms][Worker-3] entering critical section (Resource 10) (NO LOCK)
[#0012 +0103ms][Worker-3] check Resource 10: AVAILABLE
[#0013 +0104ms][Worker-3] random delay 173 ms
[#0014 +0195ms][Worker-2] Resource 10 reserved by Client-3
[#0015 +0200ms][Worker-2] leaving critical section (Resource 10) (NO LOCK)
[#0016 +0202ms][Worker-2] replied SUCCESS to Client-3
[#0017 +0208ms][Worker-2] received RESERVE 10 from Client-4
[#0018 +0212ms][Worker-2] entering critical section (Resource 10) (NO LOCK)
[#0019 +0220ms][Worker-2] check Resource 10: RESERVED by Client-3
[#0020 +0236ms][Worker-2] Resource 10 already reserved
[#0021 +0239ms][Worker-2] leaving critical section (Resource 10) (NO LOCK)
[#0022 +0240ms][Worker-2] replied FAILED to Client-4
[#0023 +0246ms][Worker-2] received RESERVE 10 from Client-2
[#0024 +0254ms][Worker-2] entering critical section (Resource 10) (NO LOCK)
[#0025 +0259ms][Worker-2] check Resource 10: RESERVED by Client-3
[#0026 +0287ms][Worker-2] Resource 10 already reserved
[#0027 +0300ms][Worker-2] leaving critical section (Resource 10) (NO LOCK)
[#0028 +0305ms][Worker-3] RACE DETECTED: Resource 10 is now owned by Client-3, overwriting
[#0029 +0310ms][Worker-3] Resource 10 reserved by Client-5
[#0030 +0318ms][Worker-3] leaving critical section (Resource 10) (NO LOCK)
[#0031 +0329ms][Worker-2] replied FAILED to Client-2
[#0032 +0340ms][Worker-2] received QUIT from Client-3
[#0033 +0356ms][Worker-3] replied SUCCESS to Client-5
[#0034 +0374ms][Worker-3] received QUIT from Client-4
[#0035 +0394ms][Worker-2] replied SUCCESS to Client-3
[#0036 +0412ms][Worker-3] replied SUCCESS to Client-4
[#0037 +0418ms][Worker-2] received QUIT from Client-2
[#0038 +0427ms][Worker-3] received QUIT from Client-5
[#0039 +0434ms][Worker-2] replied SUCCESS to Client-2
[#0040 +0439ms][Worker-3] replied SUCCESS to Client-5
[#0041 +0465ms][Worker-1] RACE DETECTED: Resource 10 is now owned by Client-5, overwriting
[#0042 +0467ms][Worker-1] Resource 10 reserved by Client-1
[#0043 +0468ms][Worker-1] leaving critical section (Resource 10) (NO LOCK)
[#0044 +0471ms][Worker-1] replied SUCCESS to Client-1
[#0045 +0472ms][Worker-2] received QUIT from Client-1
[#0046 +0472ms][Worker-2] replied SUCCESS to Client-1
[#0047 +0484ms][Worker-3] received STATUS 10 from Client-99
[#0048 +0492ms][Worker-3] entering critical section (Resource 10) (NO LOCK)
[#0049 +0493ms][Worker-3] check Resource 10: RESERVED by Client-1
[#0050 +0494ms][Worker-3] leaving critical section (Resource 10) (NO LOCK)
[#0051 +0494ms][Worker-3] replied SUCCESS to Client-99
[#0052 +0497ms][Worker-1] received QUIT from Client-99
[#0053 +0499ms][Worker-1] replied SUCCESS to Client-99
[#0054 +0500ms][Server] shutting down
[#0055 +0504ms][Server] Worker-1 processed 2 requests
[#0056 +0505ms][Server] Worker-2 processed 6 requests
[#0057 +0506ms][Server] Worker-3 processed 4 requests
Resource  Status     Owner
--------------------------------
1         AVAILABLE  -
2         AVAILABLE  -
3         AVAILABLE  -
4         AVAILABLE  -
5         AVAILABLE  -
6         AVAILABLE  -
7         AVAILABLE  -
8         AVAILABLE  -
9         AVAILABLE  -
10        RESERVED   Client-1
11        AVAILABLE  -
12        AVAILABLE  -
13        AVAILABLE  -
14        AVAILABLE  -
15        AVAILABLE  -
16        AVAILABLE  -
17        AVAILABLE  -
18        AVAILABLE  -
19        AVAILABLE  -
20        AVAILABLE  -
[#0058 +0515ms][Server] stopped
