[#0001 +0000ms][Server] started: mode=sync workers=3 delay=50-500 ms queue=/cinema_request
[#0002 +0054ms][Worker-1] received RESERVE 12 from Client-3
[#0003 +0056ms][Worker-1] entering critical section (Resource 12)
[#0004 +0056ms][Worker-1] check Resource 12: AVAILABLE
[#0005 +0057ms][Worker-1] random delay 263 ms
[#0006 +0058ms][Worker-3] received STATUS 10 from Client-4
[#0007 +0058ms][Worker-3] entering critical section (Resource 10)
[#0008 +0058ms][Worker-3] check Resource 10: AVAILABLE
[#0009 +0059ms][Worker-3] leaving critical section (Resource 10)
[#0010 +0059ms][Worker-2] received RESERVE 3 from Client-1
[#0011 +0060ms][Worker-2] entering critical section (Resource 3)
[#0012 +0061ms][Worker-2] check Resource 3: AVAILABLE
[#0013 +0061ms][Worker-2] random delay 378 ms
[#0014 +0061ms][Worker-3] replied SUCCESS to Client-4
[#0015 +0062ms][Worker-3] received RESERVE 7 from Client-2
[#0016 +0062ms][Worker-3] entering critical section (Resource 7)
[#0017 +0062ms][Worker-3] check Resource 7: AVAILABLE
[#0018 +0063ms][Worker-3] random delay 443 ms
[#0019 +0321ms][Worker-1] Resource 12 reserved by Client-3
[#0020 +0322ms][Worker-1] leaving critical section (Resource 12)
[#0021 +0322ms][Worker-1] replied SUCCESS to Client-3
[#0022 +0323ms][Worker-1] received LIST from Client-5
[#0023 +0323ms][Worker-1] locking all seats in order 1..20
[#0024 +0324ms][Worker-1] waiting for mutex of Resource 3
[#0025 +0441ms][Worker-2] Resource 3 reserved by Client-1
[#0026 +0441ms][Worker-2] leaving critical section (Resource 3)
[#0027 +0441ms][Worker-1] waiting for mutex of Resource 7
[#0028 +0442ms][Worker-2] replied SUCCESS to Client-1
[#0029 +0442ms][Worker-2] received QUIT from Client-4
[#0030 +0442ms][Worker-2] replied SUCCESS to Client-4
[#0031 +0443ms][Worker-2] received QUIT from Client-3
[#0032 +0443ms][Worker-2] replied SUCCESS to Client-3
[#0033 +0443ms][Worker-2] received QUIT from Client-1
[#0034 +0444ms][Worker-2] replied SUCCESS to Client-1
[#0035 +0507ms][Worker-3] Resource 7 reserved by Client-2
[#0036 +0508ms][Worker-3] leaving critical section (Resource 7)
[#0037 +0509ms][Worker-1] entering critical section (all seats)
[#0038 +0509ms][Worker-1] leaving critical section (all seats)
[#0039 +0510ms][Worker-1] replied SUCCESS to Client-5
[#0040 +0510ms][Worker-1] received QUIT from Client-5
[#0041 +0510ms][Worker-2] received QUIT from Client-2
[#0042 +0511ms][Worker-3] replied SUCCESS to Client-2
[#0043 +0512ms][Worker-1] replied SUCCESS to Client-5
[#0044 +0513ms][Worker-2] replied SUCCESS to Client-2
[#0045 +0515ms][Worker-3] received LIST from Client-99
[#0046 +0516ms][Worker-3] locking all seats in order 1..20
[#0047 +0517ms][Worker-3] entering critical section (all seats)
[#0048 +0517ms][Worker-3] leaving critical section (all seats)
[#0049 +0517ms][Worker-3] replied SUCCESS to Client-99
[#0050 +0518ms][Worker-1] received QUIT from Client-99
[#0051 +0518ms][Worker-1] replied SUCCESS to Client-99
[#0052 +0519ms][Server] shutting down
[#0053 +0519ms][Server] Worker-1 processed 4 requests
[#0054 +0519ms][Server] Worker-2 processed 5 requests
[#0055 +0520ms][Server] Worker-3 processed 3 requests
Resource  Status     Owner
--------------------------------
1         AVAILABLE  -
2         AVAILABLE  -
3         RESERVED   Client-1
4         AVAILABLE  -
5         AVAILABLE  -
6         AVAILABLE  -
7         RESERVED   Client-2
8         AVAILABLE  -
9         AVAILABLE  -
10        AVAILABLE  -
11        AVAILABLE  -
12        RESERVED   Client-3
13        AVAILABLE  -
14        AVAILABLE  -
15        AVAILABLE  -
16        AVAILABLE  -
17        AVAILABLE  -
18        AVAILABLE  -
19        AVAILABLE  -
20        AVAILABLE  -
[#0056 +0521ms][Server] stopped
