[#0001 +0000ms][Server] started: mode=sync workers=1 delay=50-500 ms queue=/cinema_request
[#0002 +0054ms][Worker-1] received RESERVE 10 from Client-2
[#0003 +0055ms][Worker-1] entering critical section (Resource 10)
[#0004 +0057ms][Worker-1] check Resource 10: AVAILABLE
[#0005 +0057ms][Worker-1] random delay 333 ms
[#0006 +0392ms][Worker-1] Resource 10 reserved by Client-2
[#0007 +0393ms][Worker-1] leaving critical section (Resource 10)
[#0008 +0394ms][Worker-1] replied SUCCESS to Client-2
[#0009 +0395ms][Worker-1] received RESERVE 10 from Client-3
[#0010 +0396ms][Worker-1] entering critical section (Resource 10)
[#0011 +0396ms][Worker-1] check Resource 10: RESERVED by Client-2
[#0012 +0397ms][Worker-1] Resource 10 already reserved
[#0013 +0397ms][Worker-1] leaving critical section (Resource 10)
[#0014 +0398ms][Worker-1] replied FAILED to Client-3
[#0015 +0398ms][Worker-1] received RESERVE 10 from Client-1
[#0016 +0398ms][Worker-1] entering critical section (Resource 10)
[#0017 +0399ms][Worker-1] check Resource 10: RESERVED by Client-2
[#0018 +0399ms][Worker-1] Resource 10 already reserved
[#0019 +0399ms][Worker-1] leaving critical section (Resource 10)
[#0020 +0400ms][Worker-1] replied FAILED to Client-1
[#0021 +0400ms][Worker-1] received RESERVE 10 from Client-5
[#0022 +0400ms][Worker-1] entering critical section (Resource 10)
[#0023 +0401ms][Worker-1] check Resource 10: RESERVED by Client-2
[#0024 +0401ms][Worker-1] Resource 10 already reserved
[#0025 +0401ms][Worker-1] leaving critical section (Resource 10)
[#0026 +0402ms][Worker-1] replied FAILED to Client-5
[#0027 +0402ms][Worker-1] received RESERVE 10 from Client-4
[#0028 +0403ms][Worker-1] entering critical section (Resource 10)
[#0029 +0403ms][Worker-1] check Resource 10: RESERVED by Client-2
[#0030 +0404ms][Worker-1] Resource 10 already reserved
[#0031 +0404ms][Worker-1] leaving critical section (Resource 10)
[#0032 +0405ms][Worker-1] replied FAILED to Client-4
[#0033 +0405ms][Worker-1] received QUIT from Client-2
[#0034 +0405ms][Worker-1] replied SUCCESS to Client-2
[#0035 +0406ms][Worker-1] received QUIT from Client-3
[#0036 +0406ms][Worker-1] replied SUCCESS to Client-3
[#0037 +0406ms][Worker-1] received QUIT from Client-1
[#0038 +0407ms][Worker-1] replied SUCCESS to Client-1
[#0039 +0408ms][Worker-1] received QUIT from Client-5
[#0040 +0408ms][Worker-1] replied SUCCESS to Client-5
[#0041 +0409ms][Worker-1] received QUIT from Client-4
[#0042 +0409ms][Worker-1] replied SUCCESS to Client-4
[#0043 +0411ms][Worker-1] received STATUS 10 from Client-99
[#0044 +0412ms][Worker-1] entering critical section (Resource 10)
[#0045 +0412ms][Worker-1] check Resource 10: RESERVED by Client-2
[#0046 +0413ms][Worker-1] leaving critical section (Resource 10)
[#0047 +0413ms][Worker-1] replied SUCCESS to Client-99
[#0048 +0414ms][Worker-1] received QUIT from Client-99
[#0049 +0414ms][Worker-1] replied SUCCESS to Client-99
[#0050 +0414ms][Server] shutting down
[#0051 +0415ms][Server] Worker-1 processed 12 requests
Resource  Status     Owner
--------------------------------
1         AVAILABLE  -
2         AVAILABLE  -
3         AVAILABLE  -
4         AVAILABLE  -
5         AVAILABLE  -
6         AVAILABLE  -
7         AVAILABLE  -
8         AVAILABLE  -
9         AVAILABLE  -
10        RESERVED   Client-2
11        AVAILABLE  -
12        AVAILABLE  -
13        AVAILABLE  -
14        AVAILABLE  -
15        AVAILABLE  -
16        AVAILABLE  -
17        AVAILABLE  -
18        AVAILABLE  -
19        AVAILABLE  -
20        AVAILABLE  -
[#0052 +0416ms][Server] stopped
