[#0001 +0000ms][Server] started: mode=sync workers=1 delay=50-500 ms queue=/cinema_request
[#0002 +0057ms][Worker-1] received RESERVE 10 from Client-2
[#0003 +0058ms][Worker-1] entering critical section (Resource 10)
[#0004 +0058ms][Worker-1] check Resource 10: AVAILABLE
[#0005 +0059ms][Worker-1] random delay 139 ms
[#0006 +0198ms][Worker-1] Resource 10 reserved by Client-2
[#0007 +0199ms][Worker-1] leaving critical section (Resource 10)
[#0008 +0199ms][Worker-1] replied SUCCESS to Client-2
[#0009 +0201ms][Worker-1] received RESERVE 10 from Client-3
[#0010 +0201ms][Worker-1] entering critical section (Resource 10)
[#0011 +0201ms][Worker-1] check Resource 10: RESERVED by Client-2
[#0012 +0202ms][Worker-1] Resource 10 already reserved
[#0013 +0202ms][Worker-1] leaving critical section (Resource 10)
[#0014 +0203ms][Worker-1] replied FAILED to Client-3
[#0015 +0203ms][Worker-1] received RESERVE 10 from Client-1
[#0016 +0204ms][Worker-1] entering critical section (Resource 10)
[#0017 +0204ms][Worker-1] check Resource 10: RESERVED by Client-2
[#0018 +0205ms][Worker-1] Resource 10 already reserved
[#0019 +0205ms][Worker-1] leaving critical section (Resource 10)
[#0020 +0206ms][Worker-1] replied FAILED to Client-1
[#0021 +0206ms][Worker-1] received RESERVE 10 from Client-4
[#0022 +0206ms][Worker-1] entering critical section (Resource 10)
[#0023 +0207ms][Worker-1] check Resource 10: RESERVED by Client-2
[#0024 +0207ms][Worker-1] Resource 10 already reserved
[#0025 +0208ms][Worker-1] leaving critical section (Resource 10)
[#0026 +0208ms][Worker-1] replied FAILED to Client-4
[#0027 +0209ms][Worker-1] received RESERVE 10 from Client-5
[#0028 +0209ms][Worker-1] entering critical section (Resource 10)
[#0029 +0209ms][Worker-1] check Resource 10: RESERVED by Client-2
[#0030 +0210ms][Worker-1] Resource 10 already reserved
[#0031 +0210ms][Worker-1] leaving critical section (Resource 10)
[#0032 +0211ms][Worker-1] replied FAILED to Client-5
[#0033 +0211ms][Worker-1] received QUIT from Client-2
[#0034 +0212ms][Worker-1] replied SUCCESS to Client-2
[#0035 +0212ms][Worker-1] received QUIT from Client-3
[#0036 +0212ms][Worker-1] replied SUCCESS to Client-3
[#0037 +0213ms][Worker-1] received QUIT from Client-1
[#0038 +0213ms][Worker-1] replied SUCCESS to Client-1
[#0039 +0214ms][Worker-1] received QUIT from Client-4
[#0040 +0214ms][Worker-1] replied SUCCESS to Client-4
[#0041 +0214ms][Worker-1] received QUIT from Client-5
[#0042 +0215ms][Worker-1] replied SUCCESS to Client-5
[#0043 +0217ms][Worker-1] received STATUS 10 from Client-99
[#0044 +0218ms][Worker-1] entering critical section (Resource 10)
[#0045 +0219ms][Worker-1] check Resource 10: RESERVED by Client-2
[#0046 +0219ms][Worker-1] leaving critical section (Resource 10)
[#0047 +0219ms][Worker-1] replied SUCCESS to Client-99
[#0048 +0220ms][Worker-1] received QUIT from Client-99
[#0049 +0220ms][Worker-1] replied SUCCESS to Client-99
[#0050 +0221ms][Server] shutting down
[#0051 +0222ms][Server] Worker-1 processed 12 requests
Resource  Status     Owner
--------------------------------
1         AVAILABLE  -
2         AVAILABLE  -
3         AVAILABLE  -
4         AVAILABLE  -
5         AVAILABLE  -
6         AVAILABLE  -
7         AVAILABLE  -
8         AVAILABLE  -
9         AVAILABLE  -
10        RESERVED   Client-2
11        AVAILABLE  -
12        AVAILABLE  -
13        AVAILABLE  -
14        AVAILABLE  -
15        AVAILABLE  -
16        AVAILABLE  -
17        AVAILABLE  -
18        AVAILABLE  -
19        AVAILABLE  -
20        AVAILABLE  -
[#0052 +0223ms][Server] stopped
