[#0001 +0000ms][Server] started: mode=sync workers=1 delay=50-500 ms queue=/cinema_request
[#0002 +0055ms][Worker-1] received RESERVE 10 from Client-2
[#0003 +0056ms][Worker-1] entering critical section (Resource 10)
[#0004 +0057ms][Worker-1] check Resource 10: AVAILABLE
[#0005 +0058ms][Worker-1] random delay 246 ms
[#0006 +0304ms][Worker-1] Resource 10 reserved by Client-2
[#0007 +0305ms][Worker-1] leaving critical section (Resource 10)
[#0008 +0305ms][Worker-1] replied SUCCESS to Client-2
[#0009 +0306ms][Worker-1] received RESERVE 10 from Client-1
[#0010 +0307ms][Worker-1] entering critical section (Resource 10)
[#0011 +0307ms][Worker-1] check Resource 10: RESERVED by Client-2
[#0012 +0307ms][Worker-1] Resource 10 already reserved
[#0013 +0308ms][Worker-1] leaving critical section (Resource 10)
[#0014 +0308ms][Worker-1] replied FAILED to Client-1
[#0015 +0309ms][Worker-1] received RESERVE 10 from Client-3
[#0016 +0310ms][Worker-1] entering critical section (Resource 10)
[#0017 +0310ms][Worker-1] check Resource 10: RESERVED by Client-2
[#0018 +0311ms][Worker-1] Resource 10 already reserved
[#0019 +0311ms][Worker-1] leaving critical section (Resource 10)
[#0020 +0312ms][Worker-1] replied FAILED to Client-3
[#0021 +0312ms][Worker-1] received RESERVE 10 from Client-4
[#0022 +0312ms][Worker-1] entering critical section (Resource 10)
[#0023 +0313ms][Worker-1] check Resource 10: RESERVED by Client-2
[#0024 +0313ms][Worker-1] Resource 10 already reserved
[#0025 +0314ms][Worker-1] leaving critical section (Resource 10)
[#0026 +0314ms][Worker-1] replied FAILED to Client-4
[#0027 +0315ms][Worker-1] received RESERVE 10 from Client-5
[#0028 +0315ms][Worker-1] entering critical section (Resource 10)
[#0029 +0316ms][Worker-1] check Resource 10: RESERVED by Client-2
[#0030 +0317ms][Worker-1] Resource 10 already reserved
[#0031 +0317ms][Worker-1] leaving critical section (Resource 10)
[#0032 +0318ms][Worker-1] replied FAILED to Client-5
[#0033 +0318ms][Worker-1] received QUIT from Client-2
[#0034 +0318ms][Worker-1] replied SUCCESS to Client-2
[#0035 +0319ms][Worker-1] received QUIT from Client-1
[#0036 +0319ms][Worker-1] replied SUCCESS to Client-1
[#0037 +0320ms][Worker-1] received QUIT from Client-3
[#0038 +0321ms][Worker-1] replied SUCCESS to Client-3
[#0039 +0321ms][Worker-1] received QUIT from Client-4
[#0040 +0322ms][Worker-1] replied SUCCESS to Client-4
[#0041 +0322ms][Worker-1] received QUIT from Client-5
[#0042 +0323ms][Worker-1] replied SUCCESS to Client-5
[#0043 +0324ms][Worker-1] received STATUS 10 from Client-99
[#0044 +0324ms][Worker-1] entering critical section (Resource 10)
[#0045 +0324ms][Worker-1] check Resource 10: RESERVED by Client-2
[#0046 +0325ms][Worker-1] leaving critical section (Resource 10)
[#0047 +0325ms][Worker-1] replied SUCCESS to Client-99
[#0048 +0326ms][Worker-1] received QUIT from Client-99
[#0049 +0327ms][Worker-1] replied SUCCESS to Client-99
[#0050 +0327ms][Server] shutting down
[#0051 +0327ms][Server] Worker-1 processed 12 requests
Resource  Status     Owner
--------------------------------
1         AVAILABLE  -
2         AVAILABLE  -
3         AVAILABLE  -
4         AVAILABLE  -
5         AVAILABLE  -
6         AVAILABLE  -
7         AVAILABLE  -
8         AVAILABLE  -
9         AVAILABLE  -
10        RESERVED   Client-2
11        AVAILABLE  -
12        AVAILABLE  -
13        AVAILABLE  -
14        AVAILABLE  -
15        AVAILABLE  -
16        AVAILABLE  -
17        AVAILABLE  -
18        AVAILABLE  -
19        AVAILABLE  -
20        AVAILABLE  -
[#0052 +0329ms][Server] stopped
