[#0001 +0000ms][Server] started: mode=sync workers=1 delay=50-500 ms queue=/cinema_request
[#0002 +0054ms][Worker-1] received RESERVE 10 from Client-2
[#0003 +0055ms][Worker-1] entering critical section (Resource 10)
[#0004 +0056ms][Worker-1] check Resource 10: AVAILABLE
[#0005 +0057ms][Worker-1] random delay 387 ms
[#0006 +0446ms][Worker-1] Resource 10 reserved by Client-2
[#0007 +0447ms][Worker-1] leaving critical section (Resource 10)
[#0008 +0448ms][Worker-1] replied SUCCESS to Client-2
[#0009 +0448ms][Worker-1] received RESERVE 10 from Client-1
[#0010 +0449ms][Worker-1] entering critical section (Resource 10)
[#0011 +0450ms][Worker-1] check Resource 10: RESERVED by Client-2
[#0012 +0450ms][Worker-1] Resource 10 already reserved
[#0013 +0451ms][Worker-1] leaving critical section (Resource 10)
[#0014 +0451ms][Worker-1] replied FAILED to Client-1
[#0015 +0452ms][Worker-1] received RESERVE 10 from Client-3
[#0016 +0453ms][Worker-1] entering critical section (Resource 10)
[#0017 +0453ms][Worker-1] check Resource 10: RESERVED by Client-2
[#0018 +0454ms][Worker-1] Resource 10 already reserved
[#0019 +0454ms][Worker-1] leaving critical section (Resource 10)
[#0020 +0454ms][Worker-1] replied FAILED to Client-3
[#0021 +0455ms][Worker-1] received RESERVE 10 from Client-4
[#0022 +0455ms][Worker-1] entering critical section (Resource 10)
[#0023 +0456ms][Worker-1] check Resource 10: RESERVED by Client-2
[#0024 +0456ms][Worker-1] Resource 10 already reserved
[#0025 +0456ms][Worker-1] leaving critical section (Resource 10)
[#0026 +0457ms][Worker-1] replied FAILED to Client-4
[#0027 +0457ms][Worker-1] received RESERVE 10 from Client-5
[#0028 +0458ms][Worker-1] entering critical section (Resource 10)
[#0029 +0459ms][Worker-1] check Resource 10: RESERVED by Client-2
[#0030 +0460ms][Worker-1] Resource 10 already reserved
[#0031 +0461ms][Worker-1] leaving critical section (Resource 10)
[#0032 +0461ms][Worker-1] replied FAILED to Client-5
[#0033 +0462ms][Worker-1] received QUIT from Client-2
[#0034 +0462ms][Worker-1] replied SUCCESS to Client-2
[#0035 +0463ms][Worker-1] received QUIT from Client-1
[#0036 +0463ms][Worker-1] replied SUCCESS to Client-1
[#0037 +0464ms][Worker-1] received QUIT from Client-3
[#0038 +0464ms][Worker-1] replied SUCCESS to Client-3
[#0039 +0465ms][Worker-1] received QUIT from Client-4
[#0040 +0466ms][Worker-1] replied SUCCESS to Client-4
[#0041 +0466ms][Worker-1] received QUIT from Client-5
[#0042 +0467ms][Worker-1] replied SUCCESS to Client-5
[#0043 +0468ms][Worker-1] received STATUS 10 from Client-99
[#0044 +0469ms][Worker-1] entering critical section (Resource 10)
[#0045 +0470ms][Worker-1] check Resource 10: RESERVED by Client-2
[#0046 +0470ms][Worker-1] leaving critical section (Resource 10)
[#0047 +0471ms][Worker-1] replied SUCCESS to Client-99
[#0048 +0471ms][Worker-1] received QUIT from Client-99
[#0049 +0472ms][Worker-1] replied SUCCESS to Client-99
[#0050 +0472ms][Server] shutting down
[#0051 +0473ms][Server] Worker-1 processed 12 requests
Resource  Status     Owner
--------------------------------
1         AVAILABLE  -
2         AVAILABLE  -
3         AVAILABLE  -
4         AVAILABLE  -
5         AVAILABLE  -
6         AVAILABLE  -
7         AVAILABLE  -
8         AVAILABLE  -
9         AVAILABLE  -
10        RESERVED   Client-2
11        AVAILABLE  -
12        AVAILABLE  -
13        AVAILABLE  -
14        AVAILABLE  -
15        AVAILABLE  -
16        AVAILABLE  -
17        AVAILABLE  -
18        AVAILABLE  -
19        AVAILABLE  -
20        AVAILABLE  -
[#0052 +0475ms][Server] stopped
