[#0001 +0000ms][Server] started: mode=sync workers=1 delay=50-500 ms queue=/cinema_request
[#0002 +0054ms][Worker-1] received RESERVE 10 from Client-1
[#0003 +0057ms][Worker-1] entering critical section (Resource 10)
[#0004 +0058ms][Worker-1] check Resource 10: AVAILABLE
[#0005 +0058ms][Worker-1] random delay 384 ms
[#0006 +0443ms][Worker-1] Resource 10 reserved by Client-1
[#0007 +0444ms][Worker-1] leaving critical section (Resource 10)
[#0008 +0445ms][Worker-1] replied SUCCESS to Client-1
[#0009 +0446ms][Worker-1] received RESERVE 10 from Client-2
[#0010 +0447ms][Worker-1] entering critical section (Resource 10)
[#0011 +0448ms][Worker-1] check Resource 10: RESERVED by Client-1
[#0012 +0449ms][Worker-1] Resource 10 already reserved
[#0013 +0449ms][Worker-1] leaving critical section (Resource 10)
[#0014 +0449ms][Worker-1] replied FAILED to Client-2
[#0015 +0450ms][Worker-1] received RESERVE 10 from Client-3
[#0016 +0451ms][Worker-1] entering critical section (Resource 10)
[#0017 +0451ms][Worker-1] check Resource 10: RESERVED by Client-1
[#0018 +0452ms][Worker-1] Resource 10 already reserved
[#0019 +0452ms][Worker-1] leaving critical section (Resource 10)
[#0020 +0453ms][Worker-1] replied FAILED to Client-3
[#0021 +0453ms][Worker-1] received RESERVE 10 from Client-5
[#0022 +0454ms][Worker-1] entering critical section (Resource 10)
[#0023 +0454ms][Worker-1] check Resource 10: RESERVED by Client-1
[#0024 +0455ms][Worker-1] Resource 10 already reserved
[#0025 +0455ms][Worker-1] leaving critical section (Resource 10)
[#0026 +0455ms][Worker-1] replied FAILED to Client-5
[#0027 +0456ms][Worker-1] received RESERVE 10 from Client-4
[#0028 +0456ms][Worker-1] entering critical section (Resource 10)
[#0029 +0457ms][Worker-1] check Resource 10: RESERVED by Client-1
[#0030 +0457ms][Worker-1] Resource 10 already reserved
[#0031 +0457ms][Worker-1] leaving critical section (Resource 10)
[#0032 +0458ms][Worker-1] replied FAILED to Client-4
[#0033 +0458ms][Worker-1] received QUIT from Client-1
[#0034 +0459ms][Worker-1] replied SUCCESS to Client-1
[#0035 +0459ms][Worker-1] received QUIT from Client-2
[#0036 +0459ms][Worker-1] replied SUCCESS to Client-2
[#0037 +0460ms][Worker-1] received QUIT from Client-3
[#0038 +0460ms][Worker-1] replied SUCCESS to Client-3
[#0039 +0461ms][Worker-1] received QUIT from Client-5
[#0040 +0461ms][Worker-1] replied SUCCESS to Client-5
[#0041 +0463ms][Worker-1] received QUIT from Client-4
[#0042 +0463ms][Worker-1] replied SUCCESS to Client-4
[#0043 +0464ms][Worker-1] received STATUS 10 from Client-99
[#0044 +0465ms][Worker-1] entering critical section (Resource 10)
[#0045 +0465ms][Worker-1] check Resource 10: RESERVED by Client-1
[#0046 +0465ms][Worker-1] leaving critical section (Resource 10)
[#0047 +0466ms][Worker-1] replied SUCCESS to Client-99
[#0048 +0466ms][Worker-1] received QUIT from Client-99
[#0049 +0466ms][Worker-1] replied SUCCESS to Client-99
[#0050 +0467ms][Server] shutting down
[#0051 +0468ms][Server] Worker-1 processed 12 requests
Resource  Status     Owner
--------------------------------
1         AVAILABLE  -
2         AVAILABLE  -
3         AVAILABLE  -
4         AVAILABLE  -
5         AVAILABLE  -
6         AVAILABLE  -
7         AVAILABLE  -
8         AVAILABLE  -
9         AVAILABLE  -
10        RESERVED   Client-1
11        AVAILABLE  -
12        AVAILABLE  -
13        AVAILABLE  -
14        AVAILABLE  -
15        AVAILABLE  -
16        AVAILABLE  -
17        AVAILABLE  -
18        AVAILABLE  -
19        AVAILABLE  -
20        AVAILABLE  -
[#0052 +0469ms][Server] stopped
