[#0001 +0000ms][Server] started: mode=sync workers=1 delay=50-500 ms queue=/cinema_request
[#0002 +0009ms][Worker-1] received RESERVE 10 from Client-1
[#0003 +0010ms][Worker-1] entering critical section (Resource 10)
[#0004 +0011ms][Worker-1] check Resource 10: AVAILABLE
[#0005 +0011ms][Worker-1] random delay 107 ms
[#0006 +0119ms][Worker-1] Resource 10 reserved by Client-1
[#0007 +0120ms][Worker-1] leaving critical section (Resource 10)
[#0008 +0121ms][Worker-1] replied SUCCESS to Client-1
[#0009 +0121ms][Worker-1] received RESERVE 10 from Client-2
[#0010 +0122ms][Worker-1] entering critical section (Resource 10)
[#0011 +0123ms][Worker-1] check Resource 10: RESERVED by Client-1
[#0012 +0123ms][Worker-1] Resource 10 already reserved
[#0013 +0124ms][Worker-1] leaving critical section (Resource 10)
[#0014 +0125ms][Worker-1] replied FAILED to Client-2
[#0015 +0126ms][Worker-1] received RESERVE 10 from Client-3
[#0016 +0126ms][Worker-1] entering critical section (Resource 10)
[#0017 +0127ms][Worker-1] check Resource 10: RESERVED by Client-1
[#0018 +0128ms][Worker-1] Resource 10 already reserved
[#0019 +0129ms][Worker-1] leaving critical section (Resource 10)
[#0020 +0130ms][Worker-1] replied FAILED to Client-3
[#0021 +0130ms][Worker-1] received RESERVE 10 from Client-4
[#0022 +0131ms][Worker-1] entering critical section (Resource 10)
[#0023 +0131ms][Worker-1] check Resource 10: RESERVED by Client-1
[#0024 +0132ms][Worker-1] Resource 10 already reserved
[#0025 +0132ms][Worker-1] leaving critical section (Resource 10)
[#0026 +0133ms][Worker-1] replied FAILED to Client-4
[#0027 +0134ms][Worker-1] received RESERVE 10 from Client-5
[#0028 +0134ms][Worker-1] entering critical section (Resource 10)
[#0029 +0135ms][Worker-1] check Resource 10: RESERVED by Client-1
[#0030 +0136ms][Worker-1] Resource 10 already reserved
[#0031 +0136ms][Worker-1] leaving critical section (Resource 10)
[#0032 +0137ms][Worker-1] replied FAILED to Client-5
[#0033 +0137ms][Worker-1] received QUIT from Client-1
[#0034 +0138ms][Worker-1] replied SUCCESS to Client-1
[#0035 +0138ms][Worker-1] received QUIT from Client-2
[#0036 +0140ms][Worker-1] replied SUCCESS to Client-2
[#0037 +0141ms][Worker-1] received QUIT from Client-3
[#0038 +0142ms][Worker-1] replied SUCCESS to Client-3
[#0039 +0143ms][Worker-1] received QUIT from Client-4
[#0040 +0143ms][Worker-1] replied SUCCESS to Client-4
[#0041 +0145ms][Worker-1] received QUIT from Client-5
[#0042 +0145ms][Worker-1] replied SUCCESS to Client-5
[#0043 +0149ms][Worker-1] received STATUS 10 from Client-99
[#0044 +0150ms][Worker-1] entering critical section (Resource 10)
[#0045 +0151ms][Worker-1] check Resource 10: RESERVED by Client-1
[#0046 +0151ms][Worker-1] leaving critical section (Resource 10)
[#0047 +0152ms][Worker-1] replied SUCCESS to Client-99
[#0048 +0153ms][Worker-1] received QUIT from Client-99
[#0049 +0153ms][Worker-1] replied SUCCESS to Client-99
[#0050 +0154ms][Server] shutting down
[#0051 +0155ms][Server] Worker-1 processed 12 requests
Resource  Status     Owner
--------------------------------
1         AVAILABLE  -
2         AVAILABLE  -
3         AVAILABLE  -
4         AVAILABLE  -
5         AVAILABLE  -
6         AVAILABLE  -
7         AVAILABLE  -
8         AVAILABLE  -
9         AVAILABLE  -
10        RESERVED   Client-1
11        AVAILABLE  -
12        AVAILABLE  -
13        AVAILABLE  -
14        AVAILABLE  -
15        AVAILABLE  -
16        AVAILABLE  -
17        AVAILABLE  -
18        AVAILABLE  -
19        AVAILABLE  -
20        AVAILABLE  -
[#0052 +0158ms][Server] stopped
