[#0001 +0000ms][Server] started: mode=sync workers=3 delay=50-500 ms queue=/cinema_request
[#0002 +0009ms][Worker-1] received RESERVE 10 from Client-1
[#0003 +0010ms][Worker-1] entering critical section (Resource 10)
[#0004 +0011ms][Worker-1] check Resource 10: AVAILABLE
[#0005 +0012ms][Worker-1] random delay 351 ms
[#0006 +0013ms][Worker-3] received RESERVE 10 from Client-3
[#0007 +0015ms][Worker-2] received RESERVE 10 from Client-2
[#0008 +0016ms][Worker-2] waiting for mutex of Resource 10
[#0009 +0017ms][Worker-3] waiting for mutex of Resource 10
[#0010 +0365ms][Worker-1] Resource 10 reserved by Client-1
[#0011 +0366ms][Worker-1] leaving critical section (Resource 10)
[#0012 +0366ms][Worker-2] entering critical section (Resource 10)
[#0013 +0367ms][Worker-2] check Resource 10: RESERVED by Client-1
[#0014 +0368ms][Worker-2] Resource 10 already reserved
[#0015 +0369ms][Worker-2] leaving critical section (Resource 10)
[#0016 +0370ms][Worker-1] replied SUCCESS to Client-1
[#0017 +0371ms][Worker-2] replied FAILED to Client-2
[#0018 +0372ms][Worker-2] received RESERVE 10 from Client-5
[#0019 +0373ms][Worker-2] waiting for mutex of Resource 10
[#0020 +0374ms][Worker-3] entering critical section (Resource 10)
[#0021 +0375ms][Worker-3] check Resource 10: RESERVED by Client-1
[#0022 +0376ms][Worker-3] Resource 10 already reserved
[#0023 +0377ms][Worker-3] leaving critical section (Resource 10)
[#0024 +0378ms][Worker-1] received RESERVE 10 from Client-4
[#0025 +0379ms][Worker-1] waiting for mutex of Resource 10
[#0026 +0380ms][Worker-3] replied FAILED to Client-3
[#0027 +0380ms][Worker-3] received QUIT from Client-1
[#0028 +0381ms][Worker-2] entering critical section (Resource 10)
[#0029 +0382ms][Worker-2] check Resource 10: RESERVED by Client-1
[#0030 +0382ms][Worker-2] Resource 10 already reserved
[#0031 +0383ms][Worker-2] leaving critical section (Resource 10)
[#0032 +0384ms][Worker-3] replied SUCCESS to Client-1
[#0033 +0385ms][Worker-1] entering critical section (Resource 10)
[#0034 +0385ms][Worker-1] check Resource 10: RESERVED by Client-1
[#0035 +0386ms][Worker-1] Resource 10 already reserved
[#0036 +0386ms][Worker-1] leaving critical section (Resource 10)
[#0037 +0387ms][Worker-3] received QUIT from Client-2
[#0038 +0387ms][Worker-2] replied FAILED to Client-5
[#0039 +0388ms][Worker-2] received QUIT from Client-3
[#0040 +0389ms][Worker-3] replied SUCCESS to Client-2
[#0041 +0390ms][Worker-3] received QUIT from Client-5
[#0042 +0391ms][Worker-2] replied SUCCESS to Client-3
[#0043 +0392ms][Worker-2] received QUIT from Client-4
[#0044 +0392ms][Worker-3] replied SUCCESS to Client-5
[#0045 +0393ms][Worker-1] replied FAILED to Client-4
[#0046 +0394ms][Worker-2] replied SUCCESS to Client-4
[#0047 +0395ms][Worker-3] received STATUS 10 from Client-99
[#0048 +0396ms][Worker-3] entering critical section (Resource 10)
[#0049 +0396ms][Worker-3] check Resource 10: RESERVED by Client-1
[#0050 +0397ms][Worker-3] leaving critical section (Resource 10)
[#0051 +0397ms][Worker-3] replied SUCCESS to Client-99
[#0052 +0398ms][Worker-1] received QUIT from Client-99
[#0053 +0399ms][Worker-1] replied SUCCESS to Client-99
[#0054 +0399ms][Server] shutting down
[#0055 +0400ms][Server] Worker-1 processed 3 requests
[#0056 +0402ms][Server] Worker-2 processed 4 requests
[#0057 +0402ms][Server] Worker-3 processed 5 requests
Resource  Status     Owner
--------------------------------
1         AVAILABLE  -
2         AVAILABLE  -
3         AVAILABLE  -
4         AVAILABLE  -
5         AVAILABLE  -
6         AVAILABLE  -
7         AVAILABLE  -
8         AVAILABLE  -
9         AVAILABLE  -
10        RESERVED   Client-1
11        AVAILABLE  -
12        AVAILABLE  -
13        AVAILABLE  -
14        AVAILABLE  -
15        AVAILABLE  -
16        AVAILABLE  -
17        AVAILABLE  -
18        AVAILABLE  -
19        AVAILABLE  -
20        AVAILABLE  -
[#0058 +0404ms][Server] stopped
