[#0001 +0000ms][Server] started: mode=sync workers=3 delay=50-500 ms queue=/cinema_request
[#0002 +0055ms][Worker-2] received RESERVE 10 from Client-2
[#0003 +0056ms][Worker-2] entering critical section (Resource 10)
[#0004 +0056ms][Worker-2] check Resource 10: AVAILABLE
[#0005 +0057ms][Worker-2] random delay 463 ms
[#0006 +0058ms][Worker-3] received RESERVE 10 from Client-4
[#0007 +0058ms][Worker-3] waiting for mutex of Resource 10
[#0008 +0058ms][Worker-1] received RESERVE 10 from Client-1
[#0009 +0059ms][Worker-1] waiting for mutex of Resource 10
[#0010 +0521ms][Worker-2] Resource 10 reserved by Client-2
[#0011 +0522ms][Worker-2] leaving critical section (Resource 10)
[#0012 +0522ms][Worker-3] entering critical section (Resource 10)
[#0013 +0523ms][Worker-3] check Resource 10: RESERVED by Client-2
[#0014 +0524ms][Worker-3] Resource 10 already reserved
[#0015 +0524ms][Worker-3] leaving critical section (Resource 10)
[#0016 +0525ms][Worker-2] replied SUCCESS to Client-2
[#0017 +0525ms][Worker-1] entering critical section (Resource 10)
[#0018 +0525ms][Worker-1] check Resource 10: RESERVED by Client-2
[#0019 +0526ms][Worker-1] Resource 10 already reserved
[#0020 +0526ms][Worker-1] leaving critical section (Resource 10)
[#0021 +0527ms][Worker-2] received RESERVE 10 from Client-3
[#0022 +0527ms][Worker-2] entering critical section (Resource 10)
[#0023 +0528ms][Worker-2] check Resource 10: RESERVED by Client-2
[#0024 +0528ms][Worker-2] Resource 10 already reserved
[#0025 +0528ms][Worker-2] leaving critical section (Resource 10)
[#0026 +0529ms][Worker-3] replied FAILED to Client-4
[#0027 +0529ms][Worker-3] received RESERVE 10 from Client-5
[#0028 +0529ms][Worker-3] entering critical section (Resource 10)
[#0029 +0530ms][Worker-3] check Resource 10: RESERVED by Client-2
[#0030 +0530ms][Worker-3] Resource 10 already reserved
[#0031 +0530ms][Worker-3] leaving critical section (Resource 10)
[#0032 +0531ms][Worker-2] replied FAILED to Client-3
[#0033 +0532ms][Worker-2] received QUIT from Client-2
[#0034 +0533ms][Worker-3] replied FAILED to Client-5
[#0035 +0534ms][Worker-3] received QUIT from Client-4
[#0036 +0534ms][Worker-2] replied SUCCESS to Client-2
[#0037 +0535ms][Worker-2] received QUIT from Client-1
[#0038 +0535ms][Worker-3] replied SUCCESS to Client-4
[#0039 +0535ms][Worker-3] received QUIT from Client-3
[#0040 +0536ms][Worker-2] replied SUCCESS to Client-1
[#0041 +0536ms][Worker-2] received QUIT from Client-5
[#0042 +0537ms][Worker-3] replied SUCCESS to Client-3
[#0043 +0539ms][Worker-1] replied FAILED to Client-1
[#0044 +0541ms][Worker-2] replied SUCCESS to Client-5
[#0045 +0542ms][Worker-3] received STATUS 10 from Client-99
[#0046 +0542ms][Worker-3] entering critical section (Resource 10)
[#0047 +0542ms][Worker-3] check Resource 10: RESERVED by Client-2
[#0048 +0543ms][Worker-3] leaving critical section (Resource 10)
[#0049 +0543ms][Worker-3] replied SUCCESS to Client-99
[#0050 +0544ms][Worker-1] received QUIT from Client-99
[#0051 +0544ms][Worker-1] replied SUCCESS to Client-99
[#0052 +0545ms][Server] shutting down
[#0053 +0546ms][Server] Worker-1 processed 2 requests
[#0054 +0546ms][Server] Worker-2 processed 5 requests
[#0055 +0547ms][Server] Worker-3 processed 5 requests
Resource  Status     Owner
--------------------------------
1         AVAILABLE  -
2         AVAILABLE  -
3         AVAILABLE  -
4         AVAILABLE  -
5         AVAILABLE  -
6         AVAILABLE  -
7         AVAILABLE  -
8         AVAILABLE  -
9         AVAILABLE  -
10        RESERVED   Client-2
11        AVAILABLE  -
12        AVAILABLE  -
13        AVAILABLE  -
14        AVAILABLE  -
15        AVAILABLE  -
16        AVAILABLE  -
17        AVAILABLE  -
18        AVAILABLE  -
19        AVAILABLE  -
20        AVAILABLE  -
[#0056 +0548ms][Server] stopped
