[#0001 +0000ms][Server] started: mode=sync workers=3 delay=50-500 ms queue=/cinema_request
[#0002 +0057ms][Worker-2] received RESERVE 10 from Client-1
[#0003 +0058ms][Worker-2] entering critical section (Resource 10)
[#0004 +0058ms][Worker-2] check Resource 10: AVAILABLE
[#0005 +0059ms][Worker-2] random delay 376 ms
[#0006 +0059ms][Worker-3] received RESERVE 10 from Client-4
[#0007 +0059ms][Worker-3] waiting for mutex of Resource 10
[#0008 +0059ms][Worker-1] received RESERVE 10 from Client-3
[#0009 +0060ms][Worker-1] waiting for mutex of Resource 10
[#0010 +0435ms][Worker-2] Resource 10 reserved by Client-1
[#0011 +0436ms][Worker-2] leaving critical section (Resource 10)
[#0012 +0436ms][Worker-3] entering critical section (Resource 10)
[#0013 +0437ms][Worker-3] check Resource 10: RESERVED by Client-1
[#0014 +0437ms][Worker-3] Resource 10 already reserved
[#0015 +0438ms][Worker-3] leaving critical section (Resource 10)
[#0016 +0438ms][Worker-2] replied SUCCESS to Client-1
[#0017 +0439ms][Worker-1] entering critical section (Resource 10)
[#0018 +0439ms][Worker-1] check Resource 10: RESERVED by Client-1
[#0019 +0440ms][Worker-1] Resource 10 already reserved
[#0020 +0440ms][Worker-1] leaving critical section (Resource 10)
[#0021 +0440ms][Worker-1] replied FAILED to Client-3
[#0022 +0441ms][Worker-1] received RESERVE 10 from Client-2
[#0023 +0441ms][Worker-1] entering critical section (Resource 10)
[#0024 +0441ms][Worker-1] check Resource 10: RESERVED by Client-1
[#0025 +0442ms][Worker-1] Resource 10 already reserved
[#0026 +0442ms][Worker-1] leaving critical section (Resource 10)
[#0027 +0442ms][Worker-2] received RESERVE 10 from Client-5
[#0028 +0443ms][Worker-2] entering critical section (Resource 10)
[#0029 +0443ms][Worker-2] check Resource 10: RESERVED by Client-1
[#0030 +0443ms][Worker-2] Resource 10 already reserved
[#0031 +0444ms][Worker-2] leaving critical section (Resource 10)
[#0032 +0444ms][Worker-3] replied FAILED to Client-4
[#0033 +0444ms][Worker-3] received QUIT from Client-1
[#0034 +0445ms][Worker-2] replied FAILED to Client-5
[#0035 +0445ms][Worker-2] received QUIT from Client-4
[#0036 +0446ms][Worker-3] replied SUCCESS to Client-1
[#0037 +0446ms][Worker-3] received QUIT from Client-3
[#0038 +0447ms][Worker-2] replied SUCCESS to Client-4
[#0039 +0447ms][Worker-2] received QUIT from Client-2
[#0040 +0447ms][Worker-3] replied SUCCESS to Client-3
[#0041 +0448ms][Worker-3] received QUIT from Client-5
[#0042 +0448ms][Worker-2] replied SUCCESS to Client-2
[#0043 +0449ms][Worker-1] replied FAILED to Client-2
[#0044 +0449ms][Worker-3] replied SUCCESS to Client-5
[#0045 +0449ms][Worker-2] received STATUS 10 from Client-99
[#0046 +0450ms][Worker-2] entering critical section (Resource 10)
[#0047 +0450ms][Worker-2] check Resource 10: RESERVED by Client-1
[#0048 +0450ms][Worker-2] leaving critical section (Resource 10)
[#0049 +0451ms][Worker-2] replied SUCCESS to Client-99
[#0050 +0452ms][Worker-1] received QUIT from Client-99
[#0051 +0454ms][Worker-1] replied SUCCESS to Client-99
[#0052 +0455ms][Server] shutting down
[#0053 +0455ms][Server] Worker-1 processed 3 requests
[#0054 +0456ms][Server] Worker-2 processed 5 requests
[#0055 +0456ms][Server] Worker-3 processed 4 requests
Resource  Status     Owner
--------------------------------
1         AVAILABLE  -
2         AVAILABLE  -
3         AVAILABLE  -
4         AVAILABLE  -
5         AVAILABLE  -
6         AVAILABLE  -
7         AVAILABLE  -
8         AVAILABLE  -
9         AVAILABLE  -
10        RESERVED   Client-1
11        AVAILABLE  -
12        AVAILABLE  -
13        AVAILABLE  -
14        AVAILABLE  -
15        AVAILABLE  -
16        AVAILABLE  -
17        AVAILABLE  -
18        AVAILABLE  -
19        AVAILABLE  -
20        AVAILABLE  -
[#0056 +0457ms][Server] stopped
