[#0001 +0000ms][Server] started: mode=sync workers=3 delay=50-500 ms queue=/cinema_request
[#0002 +0053ms][Worker-1] received RESERVE 10 from Client-2
[#0003 +0055ms][Worker-1] entering critical section (Resource 10)
[#0004 +0056ms][Worker-1] check Resource 10: AVAILABLE
[#0005 +0057ms][Worker-1] random delay 318 ms
[#0006 +0057ms][Worker-3] received RESERVE 10 from Client-3
[#0007 +0057ms][Worker-3] waiting for mutex of Resource 10
[#0008 +0058ms][Worker-2] received RESERVE 10 from Client-1
[#0009 +0058ms][Worker-2] waiting for mutex of Resource 10
[#0010 +0376ms][Worker-1] Resource 10 reserved by Client-2
[#0011 +0378ms][Worker-1] leaving critical section (Resource 10)
[#0012 +0378ms][Worker-1] replied SUCCESS to Client-2
[#0013 +0379ms][Worker-1] received RESERVE 10 from Client-5
[#0014 +0379ms][Worker-1] waiting for mutex of Resource 10
[#0015 +0379ms][Worker-3] entering critical section (Resource 10)
[#0016 +0380ms][Worker-3] check Resource 10: RESERVED by Client-2
[#0017 +0380ms][Worker-3] Resource 10 already reserved
[#0018 +0380ms][Worker-3] leaving critical section (Resource 10)
[#0019 +0380ms][Worker-2] entering critical section (Resource 10)
[#0020 +0381ms][Worker-2] check Resource 10: RESERVED by Client-2
[#0021 +0381ms][Worker-2] Resource 10 already reserved
[#0022 +0381ms][Worker-2] leaving critical section (Resource 10)
[#0023 +0382ms][Worker-3] replied FAILED to Client-3
[#0024 +0382ms][Worker-3] received RESERVE 10 from Client-4
[#0025 +0383ms][Worker-3] waiting for mutex of Resource 10
[#0026 +0383ms][Worker-1] entering critical section (Resource 10)
[#0027 +0384ms][Worker-1] check Resource 10: RESERVED by Client-2
[#0028 +0384ms][Worker-1] Resource 10 already reserved
[#0029 +0384ms][Worker-1] leaving critical section (Resource 10)
[#0030 +0385ms][Worker-2] replied FAILED to Client-1
[#0031 +0385ms][Worker-2] received QUIT from Client-2
[#0032 +0385ms][Worker-1] replied FAILED to Client-5
[#0033 +0385ms][Worker-1] received QUIT from Client-3
[#0034 +0386ms][Worker-2] replied SUCCESS to Client-2
[#0035 +0386ms][Worker-2] received QUIT from Client-1
[#0036 +0386ms][Worker-1] replied SUCCESS to Client-3
[#0037 +0387ms][Worker-1] received QUIT from Client-5
[#0038 +0387ms][Worker-2] replied SUCCESS to Client-1
[#0039 +0388ms][Worker-3] entering critical section (Resource 10)
[#0040 +0388ms][Worker-3] check Resource 10: RESERVED by Client-2
[#0041 +0389ms][Worker-3] Resource 10 already reserved
[#0042 +0389ms][Worker-3] leaving critical section (Resource 10)
[#0043 +0389ms][Worker-1] replied SUCCESS to Client-5
[#0044 +0390ms][Worker-3] replied FAILED to Client-4
[#0045 +0390ms][Worker-2] received QUIT from Client-4
[#0046 +0390ms][Worker-2] replied SUCCESS to Client-4
[#0047 +0391ms][Worker-1] received STATUS 10 from Client-99
[#0048 +0392ms][Worker-1] entering critical section (Resource 10)
[#0049 +0392ms][Worker-1] check Resource 10: RESERVED by Client-2
[#0050 +0392ms][Worker-1] leaving critical section (Resource 10)
[#0051 +0392ms][Worker-1] replied SUCCESS to Client-99
[#0052 +0393ms][Worker-3] received QUIT from Client-99
[#0053 +0393ms][Worker-3] replied SUCCESS to Client-99
[#0054 +0394ms][Server] shutting down
[#0055 +0395ms][Server] Worker-1 processed 5 requests
[#0056 +0395ms][Server] Worker-2 processed 4 requests
[#0057 +0395ms][Server] Worker-3 processed 3 requests
Resource  Status     Owner
--------------------------------
1         AVAILABLE  -
2         AVAILABLE  -
3         AVAILABLE  -
4         AVAILABLE  -
5         AVAILABLE  -
6         AVAILABLE  -
7         AVAILABLE  -
8         AVAILABLE  -
9         AVAILABLE  -
10        RESERVED   Client-2
11        AVAILABLE  -
12        AVAILABLE  -
13        AVAILABLE  -
14        AVAILABLE  -
15        AVAILABLE  -
16        AVAILABLE  -
17        AVAILABLE  -
18        AVAILABLE  -
19        AVAILABLE  -
20        AVAILABLE  -
[#0058 +0396ms][Server] stopped
